Starting server...
Response received!
Read error: timed out
Test completed successfully!
Server terminated
